// Jest Snapshot v1, https://goo.gl/fbAQLP

exports[`<Button/> renders Button component correctly 1`] = `
<button
  className="Button-sc-2h6cpf-0 dgfxzp"
>
  Button
</button>
`;
