// Jest Snapshot v1, https://goo.gl/fbAQLP

exports[`<Text/> renders Text component correctly 1`] = `
<hundefined
  className="Text-sc-jb2lm6-0 gbiAWE"
/>
`;
